// Jest Snapshot v1, https://goo.gl/fbAQLP

exports[`<LangPicker /> matchs snapshot 1`] = `undefined`;
