// Jest Snapshot v1, https://goo.gl/fbAQLP

exports[`<Paginator /> renders correctly 1`] = `
<View
  style={
    Object {
      "flex": 1,
      "flexDirection": "row",
      "justifyContent": "space-between",
      "left": 0,
      "padding": 8,
      "right": 0,
    }
  }
>
  <Styled(Button)
    disabled={true}
    onPress={[Function]}
    test-id="prev"
  >
    <Styled(Text)>
      previous
    </Styled(Text)>
  </Styled(Button)>
  <Styled(Button)
    disabled={false}
    key="-3"
    onPress={[Function]}
    test-id="page-button"
  >
    <Styled(Text)>
      -2
    </Styled(Text)>
  </Styled(Button)>
  <Styled(Button)
    disabled={false}
    key="-2"
    onPress={[Function]}
    test-id="page-button"
  >
    <Styled(Text)>
      -1
    </Styled(Text)>
  </Styled(Button)>
  <Styled(Button)
    disabled={false}
    key="-1"
    onPress={[Function]}
    test-id="page-button"
  >
    <Styled(Text)>
      0
    </Styled(Text)>
  </Styled(Button)>
  <Styled(Button)
    disabled={true}
    key="0"
    onPress={[Function]}
    test-id="page-button"
  >
    <Styled(Text)>
      1
    </Styled(Text)>
  </Styled(Button)>
  <Styled(Button)
    disabled={false}
    key="1"
    onPress={[Function]}
    test-id="page-button"
  >
    <Styled(Text)>
      2
    </Styled(Text)>
  </Styled(Button)>
  <Styled(Button)
    disabled={false}
    onPress={[Function]}
    test-id="next"
  >
    <Styled(Text)>
      next
    </Styled(Text)>
  </Styled(Button)>
</View>
`;
